Microchip MPLAB XC8 Compiler V2.46

Linker command line:

-W-3 \
  --edf=C:\Program Files\Microchip\xc8\v2.46\pic\dat\20240104201356_en.msgs \
  -cn -h+dist/default/production\Ultrasonic_examples.production.sym \
  --cmf=dist/default/production\Ultrasonic_examples.production.cmf -z \
  -Q16F877A -oC:\Users\PanTalir\AppData\Local\Temp\xcAsn8g.\driver_tmp_3.o \
  --defsym=__MPLAB_BUILD=1 --fixupoverflow=error \
  -Mdist/default/production/Ultrasonic_examples.production.map \
  --md=C:\Users\PanTalir\AppData\Local\Temp\xcAsn8g.\driver_tmp_0.dat -E1 \
  -ver=XC8 Compiler --acfsm=1493 -ACODE=00h-07FFhx4 -ASTRCODE=00h-01FFFh \
  -ASTRING=00h-0FFhx32 -ACONST=00h-0FFhx32 -AENTRY=00h-0FFhx32 \
  -ACOMMON=070h-07Fh -ABANK0=020h-06Fh -ABANK1=0A0h-0EFh \
  -ABANK2=0110h-016Fh -ABANK3=0190h-01EFh \
  -ARAM=020h-06Fh,0A0h-0EFh,0110h-016Fh,0190h-01EFh \
  -AABS1=020h-07Fh,0A0h-0EFh,0110h-016Fh,0190h-01EFh -ASFR0=00h-01Fh \
  -ASFR1=080h-09Fh -ASFR2=0100h-010Fh -ASFR3=0180h-018Fh \
  -ACONFIG=02007h-02007h -DCONFIG=2 -AIDLOC=02000h-02003h -DIDLOC=2 \
  -AEEDATA=00h-0FFh/02100h -peeprom_data=EEDATA -DEEDATA=2 -DCODE=2 \
  -DSTRCODE=2 -DSTRING=2 -DCONST=2 -DENTRY=2 \
  -preset_vec=00h,intentry=04h,sivt,init,end_init -ppowerup=CODE \
  -pcinit=CODE -pfunctab=ENTRY -k \
  C:\Users\PanTalir\AppData\Local\Temp\xcAsn8g.\driver_tmp_12.o \
  dist/default/production\Ultrasonic_examples.production.o 

Object code version is 3.11

Machine type is 16F877A



                Name                               Link     Load   Length Selector   Space Scale
C:\Users\PanTalir\AppData\Local\Temp\xcAsn8g.\driver_tmp_12.o
                end_init                              E        E        3        8       0
                reset_vec                             0        0        3        0       0
                config                             2007     2007        1        0       4
dist/default/production\Ultrasonic_examples.production.o
                cinit                                11       11        8        8       0
                intentry                              4        4        A        8       0
                config                             2007     2007        1        0       4
                text6                               50A      50A       1D        8       0
                text5                               4A1      4A1       69        8       0
                text4                                19       19      1CF        8       0
                text3                               429      429       78        8       0
                text2                               2F6      2F6       BA        8       0
                text1                               3B0      3B0       79        8       0
                maintext                            1E8      1E8      10E        8       0
                cstackBANK0                          20       20       3C       20       1
                cstackCOMMON                         70       70        B       70       1
                bssBANK0                             5C       5C        2       20       1

TOTAL           Name                               Link     Load   Length     Space
        CLASS   CODE           
                end_init                              E        E        3         0
                cinit                                11       11        8         0
                intentry                              4        4        A         0
                reset_vec                             0        0        3         0
                text6                               50A      50A       1D         0
                text5                               4A1      4A1       69         0
                text4                                19       19      1CF         0
                text3                               429      429       78         0
                text2                               2F6      2F6       BA         0
                text1                               3B0      3B0       79         0
                maintext                            1E8      1E8      10E         0

        CLASS   STRCODE        

        CLASS   STRING         

        CLASS   CONST          

        CLASS   ENTRY          

        CLASS   COMMON         
                cstackCOMMON                         70       70        B         1

        CLASS   BANK0          
                cstackBANK0                          20       20       3C         1
                bssBANK0                             5C       5C        2         1

        CLASS   BANK1          

        CLASS   BANK2          

        CLASS   BANK3          

        CLASS   RAM            

        CLASS   ABS1           
                abs_s1                               7E       7E        2         1

        CLASS   SFR0           

        CLASS   SFR1           

        CLASS   SFR2           

        CLASS   SFR3           

        CLASS   CONFIG         
                config                             2007     2007        1         4

        CLASS   IDLOC          

        CLASS   EEDATA         

        CLASS   HEAP           

        CLASS   STACK          



SEGMENTS        Name                           Load    Length   Top    Selector   Space  Class     Delta

                reset_vec                      000000  000003  000003         0       0  CODE        2
                intentry                       000004  000523  000527         8       0  CODE        2
                cstackBANK0                    000020  00003E  00005E        20       1  BANK0       1
                cstackCOMMON                   000070  00000B  00007B        70       1  COMMON      1


UNUSED ADDRESS RANGES

        Name                Unused          Largest block    Delta
        BANK0            005E-006F             12           1
        BANK1            00A0-00EF             50           1
        BANK2            0110-016F             60           1
        BANK3            0190-01EF             60           1
        CODE             0003-0003              1           2
                         0527-1FFF            800
        COMMON           007B-007D              3           1
        CONST            0003-0003              1           2
                         0527-1FFF            100
        EEDATA           2100-21FF            100           2
        ENTRY            0003-0003              1           2
                         0527-1FFF            100
        IDLOC            2000-2003              4           2
        RAM              005E-006F             12           1
                         00A0-00EF             50
                         0110-016F             60
                         0190-01EF             60
        SFR0             0000-001F             20           1
        SFR1             0080-009F             20           1
        SFR2             0100-010F             10           1
        SFR3             0180-018F             10           1
        STRCODE          0003-0003              1           2
                         0527-1FFF           1AD9
        STRING           0003-0003              1           2
                         0527-1FFF            100

                                  Symbol Table

?___awdiv                cstackBANK0  004F
?___fldiv                cstackBANK0  0026
?___fltol                cstackBANK0  0040
?___xxtofl               cstackCOMMON 0073
?_calc_distance          cstackBANK0  004A
_C                       bssBANK0     005D
_Error                   bssBANK0     005C
_GIE                     (abs)        005F
_ISR                     text6        050A
_PEIE                    (abs)        005E
_PORTB                   (abs)        0006
_PR2                     (abs)        0092
_RC2                     (abs)        003A
_RC3                     (abs)        003B
_RD0                     (abs)        0040
_T1CKPS0                 (abs)        0084
_T1CKPS1                 (abs)        0085
_T2CKPS0                 (abs)        0090
_T2CKPS1                 (abs)        0091
_TMR1                    (abs)        000E
_TMR1CS                  (abs)        0081
_TMR1ON                  (abs)        0080
_TMR2                    (abs)        0011
_TMR2IE                  (abs)        0461
_TMR2IF                  (abs)        0061
_TMR2ON                  (abs)        0092
_TOUTPS0                 (abs)        0093
_TOUTPS1                 (abs)        0094
_TOUTPS2                 (abs)        0095
_TOUTPS3                 (abs)        0096
_TRISB                   (abs)        0086
_TRISC2                  (abs)        043A
_TRISC3                  (abs)        043B
_TRISD0                  (abs)        0440
__H__absolute__          __absolute__ 0000
__Habs1                  abs1         0000
__Hbank0                 bank0        0000
__Hbank1                 bank1        0000
__Hbank2                 bank2        0000
__Hbank3                 bank3        0000
__HbssBANK0              bssBANK0     0000
__Hcinit                 cinit        0019
__Hclrtext               clrtext      0000
__Hcode                  code         0000
__Hcommon                common       0000
__Hconfig                config       2008
__HcstackBANK0           cstackBANK0  0000
__HcstackCOMMON          cstackCOMMON 0000
__Heeprom_data           eeprom_data  0000
__Hend_init              end_init     0011
__Hfunctab               functab      0000
__Hheap                  heap         0000
__Hinit                  init         000E
__Hintentry              intentry     000E
__Hmaintext              maintext     0000
__Hpowerup               powerup      0000
__Hram                   ram          0000
__Hreset_vec             reset_vec    0003
__Hsfr0                  sfr0         0000
__Hsfr1                  sfr1         0000
__Hsfr2                  sfr2         0000
__Hsfr3                  sfr3         0000
__Hsivt                  sivt         000E
__Hspace_0               (abs)        0527
__Hspace_1               (abs)        007B
__Hspace_2               (abs)        0000
__Hspace_3               (abs)        0000
__Hspace_4               (abs)        400F
__Hstack                 stack        0000
__Hstrings               strings      0000
__Htext                  text         0000
__L__absolute__          __absolute__ 0000
__Labs1                  abs1         0000
__Lbank0                 bank0        0000
__Lbank1                 bank1        0000
__Lbank2                 bank2        0000
__Lbank3                 bank3        0000
__LbssBANK0              bssBANK0     0000
__Lcinit                 cinit        0011
__Lclrtext               clrtext      0000
__Lcode                  code         0000
__Lcommon                common       0000
__Lconfig                config       0000
__LcstackBANK0           cstackBANK0  0000
__LcstackCOMMON          cstackCOMMON 0000
__Leeprom_data           eeprom_data  0000
__Lend_init              end_init     000E
__Lfunctab               functab      0000
__Lheap                  heap         0000
__Linit                  init         000E
__Lintentry              intentry     0004
__Lmaintext              maintext     0000
__Lpowerup               powerup      0000
__Lram                   ram          0000
__Lreset_vec             reset_vec    0000
__Lsfr0                  sfr0         0000
__Lsfr1                  sfr1         0000
__Lsfr2                  sfr2         0000
__Lsfr3                  sfr3         0000
__Lsivt                  sivt         000E
__Lspace_0               (abs)        0000
__Lspace_1               (abs)        0000
__Lspace_2               (abs)        0000
__Lspace_3               (abs)        0000
__Lspace_4               (abs)        0000
__Lstack                 stack        0000
__Lstrings               strings      0000
__Ltext                  text         0000
__S0                     (abs)        0527
__S1                     (abs)        007B
__S3                     (abs)        0000
___awdiv                 text5        04A1
___awdiv@counter         cstackBANK0  0053
___awdiv@dividend        cstackBANK0  0051
___awdiv@divisor         cstackBANK0  004F
___awdiv@quotient        cstackBANK0  0055
___awdiv@sign            cstackBANK0  0054
___fldiv                 text4        0019
___fldiv@a               cstackBANK0  0026
___fldiv@aexp            cstackBANK0  003F
___fldiv@b               cstackBANK0  002A
___fldiv@bexp            cstackBANK0  003E
___fldiv@grs             cstackBANK0  003A
___fldiv@new_exp         cstackBANK0  0038
___fldiv@rem             cstackBANK0  0033
___fldiv@sign            cstackBANK0  0037
___fltol                 text3        0429
___fltol@exp1            cstackBANK0  0049
___fltol@f1              cstackBANK0  0040
___fltol@sign1           cstackBANK0  0048
___heap_hi               (abs)        0000
___heap_lo               (abs)        0000
___int_sp                stack        0000
___int_stack_hi          stack        0000
___int_stack_lo          stack        0000
___latbits               (abs)        0002
___sp                    stack        0000
___stack_hi              stack        0000
___stack_lo              stack        0000
___stackhi               (abs)        0000
___stacklo               (abs)        0000
___xxtofl                text2        02F6
___xxtofl@arg            cstackBANK0  0022
___xxtofl@exp            cstackBANK0  0021
___xxtofl@sign           cstackBANK0  0020
___xxtofl@val            cstackCOMMON 0073
__end_of_ISR             text6        0527
__end_of___awdiv         text5        050A
__end_of___fldiv         text4        01E8
__end_of___fltol         text3        04A1
__end_of___xxtofl        text2        03B0
__end_of__initialization cinit        0015
__end_of_calc_distance   text1        0429
__end_of_main            maintext     02F6
__initialization         cinit        0011
__pbssBANK0              bssBANK0     005C
__pcstackBANK0           cstackBANK0  0020
__pcstackCOMMON          cstackCOMMON 0070
__pintentry              intentry     0004
__pmaintext              maintext     01E8
__ptext1                 text1        03B0
__ptext2                 text2        02F6
__ptext3                 text3        0429
__ptext4                 text4        0019
__ptext5                 text5        04A1
__ptext6                 text6        050A
_calc_distance           text1        03B0
_main                    maintext     01E8
btemp                    (abs)        007E
calc_distance@distance   cstackBANK0  004D
end_of_initialization    cinit        0015
interrupt_function       intentry     0004
intlevel0                functab      0000
intlevel1                functab      0000
intlevel2                functab      0000
intlevel3                functab      0000
intlevel4                functab      0000
intlevel5                functab      0000
main@dist                cstackBANK0  005A
reset_vec                reset_vec    0000
saved_w                  (abs)        007E
start                    init         000E
start_initialization     cinit        0011
wtemp0                   (abs)        007E


MODULE INFORMATION

Module		Function		Class		Link	Load	Size
C:\Program Files\Microchip\xc8\v2.46\pic\sources\c99\common\fltol.c
		___fltol       		CODE           	0429	0000	120

C:\Program Files\Microchip\xc8\v2.46\pic\sources\c99\common\fltol.c estimated size: 120

C:\Program Files\Microchip\xc8\v2.46\pic\sources\c99\common\awdiv.c
		___awdiv       		CODE           	04A1	0000	105

C:\Program Files\Microchip\xc8\v2.46\pic\sources\c99\common\awdiv.c estimated size: 105

C:\Program Files\Microchip\xc8\v2.46\pic\sources\c99\common\xxtofl.c
		___xxtofl      		CODE           	02F6	0000	186

C:\Program Files\Microchip\xc8\v2.46\pic\sources\c99\common\xxtofl.c estimated size: 186

C:\Program Files\Microchip\xc8\v2.46\pic\sources\c99\common\sprcdiv.c
		___fldiv       		CODE           	0019	0000	463

C:\Program Files\Microchip\xc8\v2.46\pic\sources\c99\common\sprcdiv.c estimated size: 463

shared
		__initialization		CODE           	0011	0000	4

shared estimated size: 4

main.c
		_ISR           		CODE           	050A	0000	29
		_main          		CODE           	01E8	0000	270
		_calc_distance 		CODE           	03B0	0000	121

main.c estimated size: 420

